---
source: full-moon/tests/fail_cases.rs
expression: result.errors
input_file: full-moon/tests/cases/fail/parser/function-7
---
- AstError:
    token:
      start_position:
        bytes: 14
        line: 1
        character: 15
      end_position:
        bytes: 15
        line: 1
        character: 16
      token_type:
        type: Symbol
        symbol: ","
    additional: "expected a `)`"
- AstError:
    token:
      start_position:
        bytes: 14
        line: 1
        character: 15
      end_position:
        bytes: 15
        line: 1
        character: 16
      token_type:
        type: Symbol
        symbol: ","
    additional: "unexpected token, this needs to be a statement"
- AstError:
    token:
      start_position:
        bytes: 17
        line: 1
        character: 18
      end_position:
        bytes: 18
        line: 1
        character: 19
      token_type:
        type: Symbol
        symbol: )
    additional: unexpected expression when looking for a statement
- AstError:
    token:
      start_position:
        bytes: 17
        line: 1
        character: 18
      end_position:
        bytes: 18
        line: 1
        character: 19
      token_type:
        type: Symbol
        symbol: )
    additional: "unexpected token, this needs to be a statement"

