---
source: full-moon/tests/fail_cases.rs
expression: tokens
input_file: full-moon/tests/cases/fail/parser/table-2

---
- start_position:
    bytes: 0
    character: 1
    line: 1
  end_position:
    bytes: 6
    character: 7
    line: 1
  token_type:
    type: Symbol
    symbol: return
- start_position:
    bytes: 6
    character: 7
    line: 1
  end_position:
    bytes: 7
    character: 8
    line: 1
  token_type:
    type: Whitespace
    characters: " "
- start_position:
    bytes: 7
    character: 8
    line: 1
  end_position:
    bytes: 8
    character: 9
    line: 1
  token_type:
    type: Symbol
    symbol: "{"
- start_position:
    bytes: 8
    character: 9
    line: 1
  end_position:
    bytes: 9
    character: 9
    line: 1
  token_type:
    type: Whitespace
    characters: "\n"
- start_position:
    bytes: 9
    character: 1
    line: 2
  end_position:
    bytes: 10
    character: 2
    line: 2
  token_type:
    type: Whitespace
    characters: "\t"
- start_position:
    bytes: 10
    character: 2
    line: 2
  end_position:
    bytes: 11
    character: 3
    line: 2
  token_type:
    type: Identifier
    identifier: a
- start_position:
    bytes: 11
    character: 3
    line: 2
  end_position:
    bytes: 12
    character: 4
    line: 2
  token_type:
    type: Whitespace
    characters: " "
- start_position:
    bytes: 12
    character: 4
    line: 2
  end_position:
    bytes: 13
    character: 5
    line: 2
  token_type:
    type: Symbol
    symbol: "="
- start_position:
    bytes: 13
    character: 5
    line: 2
  end_position:
    bytes: 14
    character: 6
    line: 2
  token_type:
    type: Whitespace
    characters: " "
- start_position:
    bytes: 14
    character: 6
    line: 2
  end_position:
    bytes: 15
    character: 7
    line: 2
  token_type:
    type: Number
    text: "1"
- start_position:
    bytes: 15
    character: 7
    line: 2
  end_position:
    bytes: 16
    character: 8
    line: 2
  token_type:
    type: Symbol
    symbol: ","
- start_position:
    bytes: 16
    character: 8
    line: 2
  end_position:
    bytes: 16
    character: 8
    line: 2
  token_type:
    type: Eof

