---
source: full-moon/tests/fail_cases.rs
assertion_line: 30
expression: "full_moon::print(&ast)"
input_file: full-moon/tests/cases/fail/parser/repeat-until-3
---
"do\n\tcall()\n\nend"

