---
source: full-moon/tests/fail_cases.rs
assertion_line: 30
expression: "ast.to_string()"
input_file: full-moon/tests/cases/fail/parser/if-7
---
"if x then do\nendend"

