---
source: full-moon/tests/pass_cases.rs
expression: ast.nodes()
input_file: full-moon/tests/cases/pass/do

---
stmts:
  - - Do:
        do_token:
          leading_trivia: []
          token:
            start_position:
              bytes: 0
              character: 1
              line: 1
            end_position:
              bytes: 2
              character: 3
              line: 1
            token_type:
              type: Symbol
              symbol: do
          trailing_trivia:
            - start_position:
                bytes: 2
                character: 3
                line: 1
              end_position:
                bytes: 3
                character: 3
                line: 1
              token_type:
                type: Whitespace
                characters: "\n"
        block:
          stmts:
            - - FunctionCall:
                  prefix:
                    Name:
                      leading_trivia:
                        - start_position:
                            bytes: 3
                            character: 1
                            line: 2
                          end_position:
                            bytes: 4
                            character: 2
                            line: 2
                          token_type:
                            type: Whitespace
                            characters: "\t"
                      token:
                        start_position:
                          bytes: 4
                          character: 2
                          line: 2
                        end_position:
                          bytes: 8
                          character: 6
                          line: 2
                        token_type:
                          type: Identifier
                          identifier: call
                      trailing_trivia: []
                  suffixes:
                    - Call:
                        AnonymousCall:
                          Parentheses:
                            parentheses:
                              tokens:
                                - leading_trivia: []
                                  token:
                                    start_position:
                                      bytes: 8
                                      character: 6
                                      line: 2
                                    end_position:
                                      bytes: 9
                                      character: 7
                                      line: 2
                                    token_type:
                                      type: Symbol
                                      symbol: (
                                  trailing_trivia: []
                                - leading_trivia: []
                                  token:
                                    start_position:
                                      bytes: 9
                                      character: 7
                                      line: 2
                                    end_position:
                                      bytes: 10
                                      character: 8
                                      line: 2
                                    token_type:
                                      type: Symbol
                                      symbol: )
                                  trailing_trivia:
                                    - start_position:
                                        bytes: 10
                                        character: 8
                                        line: 2
                                      end_position:
                                        bytes: 11
                                        character: 8
                                        line: 2
                                      token_type:
                                        type: Whitespace
                                        characters: "\n"
                            arguments:
                              pairs: []
              - ~
        end_token:
          leading_trivia: []
          token:
            start_position:
              bytes: 11
              character: 1
              line: 3
            end_position:
              bytes: 14
              character: 4
              line: 3
            token_type:
              type: Symbol
              symbol: end
          trailing_trivia: []
    - ~

