---
source: full-moon/tests/fail_cases.rs
assertion_line: 58
expression: error
input_file: full-moon/tests/roblox_cases/fail/parser/nil_dot

---
UnexpectedToken:
  token:
    start_position:
      bytes: 14
      line: 1
      character: 15
    end_position:
      bytes: 15
      line: 1
      character: 16
    token_type:
      type: Symbol
      symbol: "."
  additional: leftover token

