---
source: full-moon/tests/fail_cases.rs
assertion_line: 113
expression: tokens
input_file: full-moon/tests/roblox_cases/fail/tokenizer/unfinished-string-interpolation
---
Recovered:
  - - start_position:
        bytes: 0
        line: 1
        character: 1
      end_position:
        bytes: 5
        line: 1
        character: 6
      token_type:
        type: Symbol
        symbol: local
    - start_position:
        bytes: 5
        line: 1
        character: 6
      end_position:
        bytes: 6
        line: 1
        character: 7
      token_type:
        type: Whitespace
        characters: " "
    - start_position:
        bytes: 6
        line: 1
        character: 7
      end_position:
        bytes: 7
        line: 1
        character: 8
      token_type:
        type: Identifier
        identifier: _
    - start_position:
        bytes: 7
        line: 1
        character: 8
      end_position:
        bytes: 8
        line: 1
        character: 9
      token_type:
        type: Whitespace
        characters: " "
    - start_position:
        bytes: 8
        line: 1
        character: 9
      end_position:
        bytes: 9
        line: 1
        character: 10
      token_type:
        type: Symbol
        symbol: "="
    - start_position:
        bytes: 9
        line: 1
        character: 10
      end_position:
        bytes: 10
        line: 1
        character: 11
      token_type:
        type: Whitespace
        characters: " "
    - start_position:
        bytes: 10
        line: 1
        character: 11
      end_position:
        bytes: 15
        line: 1
        character: 16
      token_type:
        type: InterpolatedString
        literal: asdf
        kind: Simple
    - start_position:
        bytes: 15
        line: 1
        character: 16
      end_position:
        bytes: 15
        line: 1
        character: 16
      token_type:
        type: Eof
  - - error: UnclosedString
      range:
        - bytes: 10
          line: 1
          character: 11
        - bytes: 15
          line: 1
          character: 16

