---
source: full-moon/tests/fail_cases.rs
expression: "ast.to_string()"
---
type Foo = nil

