---
source: full-moon/tests/fail_cases.rs
expression: result.errors
input_file: full-moon/tests/cases/fail/parser/generic-for-1
---
- AstError:
    token:
      start_position:
        bytes: 6
        line: 1
        character: 7
      end_position:
        bytes: 8
        line: 1
        character: 9
      token_type:
        type: Symbol
        symbol: in
    additional: "expected expressions after `in`"

