---
source: full-moon/tests/pass_cases.rs
expression: ast.nodes()
input_file: full-moon/tests/cases/pass/single-line-comment-2

---
stmts:
  - - FunctionCall:
        prefix:
          Name:
            leading_trivia: []
            token:
              start_position:
                bytes: 0
                line: 1
                character: 1
              end_position:
                bytes: 4
                line: 1
                character: 5
              token_type:
                type: Identifier
                identifier: call
            trailing_trivia: []
        suffixes:
          - Call:
              AnonymousCall:
                Parentheses:
                  parentheses:
                    tokens:
                      - leading_trivia: []
                        token:
                          start_position:
                            bytes: 4
                            line: 1
                            character: 5
                          end_position:
                            bytes: 5
                            line: 1
                            character: 6
                          token_type:
                            type: Symbol
                            symbol: (
                        trailing_trivia: []
                      - leading_trivia: []
                        token:
                          start_position:
                            bytes: 5
                            line: 1
                            character: 6
                          end_position:
                            bytes: 6
                            line: 1
                            character: 7
                          token_type:
                            type: Symbol
                            symbol: )
                        trailing_trivia:
                          - start_position:
                              bytes: 6
                              line: 1
                              character: 7
                            end_position:
                              bytes: 7
                              line: 1
                              character: 8
                            token_type:
                              type: Whitespace
                              characters: " "
                          - start_position:
                              bytes: 7
                              line: 1
                              character: 8
                            end_position:
                              bytes: 20
                              line: 1
                              character: 21
                            token_type:
                              type: SingleLineComment
                              comment: " This calls"
                  arguments:
                    pairs: []
    - ~

