---
source: full-moon/tests/pass_cases.rs
expression: tokens
input_file: full-moon/tests/cases/pass/local-assignment-5

---
- start_position:
    bytes: 0
    character: 1
    line: 1
  end_position:
    bytes: 5
    character: 6
    line: 1
  token_type:
    type: Symbol
    symbol: local
- start_position:
    bytes: 5
    character: 6
    line: 1
  end_position:
    bytes: 6
    character: 7
    line: 1
  token_type:
    type: Whitespace
    characters: " "
- start_position:
    bytes: 6
    character: 7
    line: 1
  end_position:
    bytes: 7
    character: 8
    line: 1
  token_type:
    type: Identifier
    identifier: x
- start_position:
    bytes: 7
    character: 8
    line: 1
  end_position:
    bytes: 8
    character: 9
    line: 1
  token_type:
    type: Whitespace
    characters: " "
- start_position:
    bytes: 8
    character: 9
    line: 1
  end_position:
    bytes: 9
    character: 10
    line: 1
  token_type:
    type: Symbol
    symbol: "="
- start_position:
    bytes: 9
    character: 10
    line: 1
  end_position:
    bytes: 10
    character: 11
    line: 1
  token_type:
    type: Whitespace
    characters: " "
- start_position:
    bytes: 10
    character: 11
    line: 1
  end_position:
    bytes: 11
    character: 12
    line: 1
  token_type:
    type: Number
    text: "1"
- start_position:
    bytes: 11
    character: 12
    line: 1
  end_position:
    bytes: 12
    character: 12
    line: 1
  token_type:
    type: Whitespace
    characters: "\n"
- start_position:
    bytes: 12
    character: 1
    line: 2
  end_position:
    bytes: 29
    character: 18
    line: 2
  token_type:
    type: SingleLineComment
    comment: " Then a comment"
- start_position:
    bytes: 29
    character: 18
    line: 2
  end_position:
    bytes: 30
    character: 18
    line: 2
  token_type:
    type: Whitespace
    characters: "\n"
- start_position:
    bytes: 30
    character: 1
    line: 3
  end_position:
    bytes: 35
    character: 6
    line: 3
  token_type:
    type: Symbol
    symbol: local
- start_position:
    bytes: 35
    character: 6
    line: 3
  end_position:
    bytes: 36
    character: 7
    line: 3
  token_type:
    type: Whitespace
    characters: " "
- start_position:
    bytes: 36
    character: 7
    line: 3
  end_position:
    bytes: 37
    character: 8
    line: 3
  token_type:
    type: Identifier
    identifier: y
- start_position:
    bytes: 37
    character: 8
    line: 3
  end_position:
    bytes: 38
    character: 9
    line: 3
  token_type:
    type: Whitespace
    characters: " "
- start_position:
    bytes: 38
    character: 9
    line: 3
  end_position:
    bytes: 39
    character: 10
    line: 3
  token_type:
    type: Symbol
    symbol: "="
- start_position:
    bytes: 39
    character: 10
    line: 3
  end_position:
    bytes: 40
    character: 11
    line: 3
  token_type:
    type: Whitespace
    characters: " "
- start_position:
    bytes: 40
    character: 11
    line: 3
  end_position:
    bytes: 41
    character: 12
    line: 3
  token_type:
    type: Number
    text: "1"
- start_position:
    bytes: 41
    character: 12
    line: 3
  end_position:
    bytes: 42
    character: 12
    line: 3
  token_type:
    type: Whitespace
    characters: "\n"
- start_position:
    bytes: 42
    character: 1
    line: 4
  end_position:
    bytes: 42
    character: 1
    line: 4
  token_type:
    type: Eof

