---
source: full-moon/tests/pass_cases.rs
expression: tokens
input_file: full-moon/tests/cases/pass/anonymous-functions-1

---
- start_position:
    bytes: 0
    line: 1
    character: 1
  end_position:
    bytes: 5
    line: 1
    character: 6
  token_type:
    type: Symbol
    symbol: local
- start_position:
    bytes: 5
    line: 1
    character: 6
  end_position:
    bytes: 6
    line: 1
    character: 7
  token_type:
    type: Whitespace
    characters: " "
- start_position:
    bytes: 6
    line: 1
    character: 7
  end_position:
    bytes: 7
    line: 1
    character: 8
  token_type:
    type: Identifier
    identifier: x
- start_position:
    bytes: 7
    line: 1
    character: 8
  end_position:
    bytes: 8
    line: 1
    character: 9
  token_type:
    type: Whitespace
    characters: " "
- start_position:
    bytes: 8
    line: 1
    character: 9
  end_position:
    bytes: 9
    line: 1
    character: 10
  token_type:
    type: Symbol
    symbol: "="
- start_position:
    bytes: 9
    line: 1
    character: 10
  end_position:
    bytes: 10
    line: 1
    character: 11
  token_type:
    type: Whitespace
    characters: " "
- start_position:
    bytes: 10
    line: 1
    character: 11
  end_position:
    bytes: 18
    line: 1
    character: 19
  token_type:
    type: Symbol
    symbol: function
- start_position:
    bytes: 18
    line: 1
    character: 19
  end_position:
    bytes: 19
    line: 1
    character: 20
  token_type:
    type: Symbol
    symbol: (
- start_position:
    bytes: 19
    line: 1
    character: 20
  end_position:
    bytes: 20
    line: 1
    character: 21
  token_type:
    type: Symbol
    symbol: )
- start_position:
    bytes: 20
    line: 1
    character: 21
  end_position:
    bytes: 21
    line: 1
    character: 21
  token_type:
    type: Whitespace
    characters: "\n"
- start_position:
    bytes: 21
    line: 2
    character: 1
  end_position:
    bytes: 22
    line: 2
    character: 2
  token_type:
    type: Whitespace
    characters: "\t"
- start_position:
    bytes: 22
    line: 2
    character: 2
  end_position:
    bytes: 26
    line: 2
    character: 6
  token_type:
    type: Identifier
    identifier: call
- start_position:
    bytes: 26
    line: 2
    character: 6
  end_position:
    bytes: 27
    line: 2
    character: 7
  token_type:
    type: Symbol
    symbol: (
- start_position:
    bytes: 27
    line: 2
    character: 7
  end_position:
    bytes: 28
    line: 2
    character: 8
  token_type:
    type: Number
    text: "1"
- start_position:
    bytes: 28
    line: 2
    character: 8
  end_position:
    bytes: 29
    line: 2
    character: 9
  token_type:
    type: Symbol
    symbol: )
- start_position:
    bytes: 29
    line: 2
    character: 9
  end_position:
    bytes: 30
    line: 2
    character: 9
  token_type:
    type: Whitespace
    characters: "\n"
- start_position:
    bytes: 30
    line: 3
    character: 1
  end_position:
    bytes: 33
    line: 3
    character: 4
  token_type:
    type: Symbol
    symbol: end
- start_position:
    bytes: 33
    line: 3
    character: 4
  end_position:
    bytes: 34
    line: 3
    character: 4
  token_type:
    type: Whitespace
    characters: "\n"
- start_position:
    bytes: 34
    line: 4
    character: 1
  end_position:
    bytes: 34
    line: 4
    character: 1
  token_type:
    type: Eof

