---
source: full-moon/tests/pass_cases.rs
expression: tokens
input_file: full-moon/tests/cases/pass/utf-8

---
- start_position:
    bytes: 0
    character: 1
    line: 1
  end_position:
    bytes: 5
    character: 6
    line: 1
  token_type:
    type: Identifier
    identifier: print
- start_position:
    bytes: 5
    character: 6
    line: 1
  end_position:
    bytes: 6
    character: 7
    line: 1
  token_type:
    type: Symbol
    symbol: (
- start_position:
    bytes: 6
    character: 7
    line: 1
  end_position:
    bytes: 13
    character: 11
    line: 1
  token_type:
    type: StringLiteral
    literal: "ðŸ‘š "
    quote_type: Double
- start_position:
    bytes: 13
    character: 11
    line: 1
  end_position:
    bytes: 14
    character: 12
    line: 1
  token_type:
    type: Whitespace
    characters: " "
- start_position:
    bytes: 14
    character: 12
    line: 1
  end_position:
    bytes: 16
    character: 14
    line: 1
  token_type:
    type: Symbol
    symbol: ".."
- start_position:
    bytes: 16
    character: 14
    line: 1
  end_position:
    bytes: 17
    character: 15
    line: 1
  token_type:
    type: Whitespace
    characters: " "
- start_position:
    bytes: 17
    character: 15
    line: 1
  end_position:
    bytes: 24
    character: 22
    line: 1
  token_type:
    type: Identifier
    identifier: message
- start_position:
    bytes: 24
    character: 22
    line: 1
  end_position:
    bytes: 25
    character: 23
    line: 1
  token_type:
    type: Symbol
    symbol: )
- start_position:
    bytes: 25
    character: 23
    line: 1
  end_position:
    bytes: 25
    character: 23
    line: 1
  token_type:
    type: Eof

