---
source: full-moon/tests/fail_cases.rs
assertion_line: 28
expression: "ast.to_string()"
input_file: full-moon/tests/lua53_cases/fail/parser/double-greater-than-binop
---
"-- We shouldn't parse this as >> since it has a space in between\nlocal x = 1 "

