---
source: full-moon/tests/fail_cases.rs
expression: "full_moon::print(&ast)"
---
"type Foo<X, Y, Z = string, P> = nil"

