---
source: full-moon/tests/fail_cases.rs
assertion_line: 30
expression: "ast.to_string()"
input_file: full-moon/tests/cases/fail/parser/local-function-3
---
local function x()end

