---
source: full-moon/tests/fail_cases.rs
expression: result.errors
input_file: full-moon/tests/cases/fail/parser/local-function-3
---
- AstError:
    token:
      start_position:
        bytes: 17
        line: 1
        character: 18
      end_position:
        bytes: 17
        line: 1
        character: 18
      token_type:
        type: Eof
    additional: "expected a parameter name or `)`"

