---
source: full-moon/tests/fail_cases.rs
expression: tokens
input_file: full-moon/tests/cases/fail/parser/local-function-6

---
- start_position:
    bytes: 0
    character: 1
    line: 1
  end_position:
    bytes: 5
    character: 6
    line: 1
  token_type:
    type: Symbol
    symbol: local
- start_position:
    bytes: 5
    character: 6
    line: 1
  end_position:
    bytes: 6
    character: 7
    line: 1
  token_type:
    type: Whitespace
    characters: " "
- start_position:
    bytes: 6
    character: 7
    line: 1
  end_position:
    bytes: 14
    character: 15
    line: 1
  token_type:
    type: Symbol
    symbol: function
- start_position:
    bytes: 14
    character: 15
    line: 1
  end_position:
    bytes: 15
    character: 16
    line: 1
  token_type:
    type: Whitespace
    characters: " "
- start_position:
    bytes: 15
    character: 16
    line: 1
  end_position:
    bytes: 16
    character: 17
    line: 1
  token_type:
    type: Identifier
    identifier: x
- start_position:
    bytes: 16
    character: 17
    line: 1
  end_position:
    bytes: 17
    character: 18
    line: 1
  token_type:
    type: Symbol
    symbol: (
- start_position:
    bytes: 17
    character: 18
    line: 1
  end_position:
    bytes: 18
    character: 19
    line: 1
  token_type:
    type: Symbol
    symbol: ","
- start_position:
    bytes: 18
    character: 19
    line: 1
  end_position:
    bytes: 19
    character: 20
    line: 1
  token_type:
    type: Symbol
    symbol: ","
- start_position:
    bytes: 19
    character: 20
    line: 1
  end_position:
    bytes: 20
    character: 21
    line: 1
  token_type:
    type: Symbol
    symbol: ","
- start_position:
    bytes: 20
    character: 21
    line: 1
  end_position:
    bytes: 21
    character: 22
    line: 1
  token_type:
    type: Symbol
    symbol: )
- start_position:
    bytes: 21
    character: 22
    line: 1
  end_position:
    bytes: 22
    character: 22
    line: 1
  token_type:
    type: Whitespace
    characters: "\n"
- start_position:
    bytes: 22
    character: 1
    line: 2
  end_position:
    bytes: 25
    character: 4
    line: 2
  token_type:
    type: Symbol
    symbol: end
- start_position:
    bytes: 25
    character: 4
    line: 2
  end_position:
    bytes: 25
    character: 4
    line: 2
  token_type:
    type: Eof

