---
source: full-moon/tests/fail_cases.rs
expression: tokens
input_file: full-moon/tests/cases/fail/parser/method-call-3

---
- start_position:
    bytes: 0
    character: 1
    line: 1
  end_position:
    bytes: 6
    character: 7
    line: 1
  token_type:
    type: Symbol
    symbol: return
- start_position:
    bytes: 6
    character: 7
    line: 1
  end_position:
    bytes: 7
    character: 8
    line: 1
  token_type:
    type: Whitespace
    characters: " "
- start_position:
    bytes: 7
    character: 8
    line: 1
  end_position:
    bytes: 11
    character: 12
    line: 1
  token_type:
    type: Identifier
    identifier: name
- start_position:
    bytes: 11
    character: 12
    line: 1
  end_position:
    bytes: 12
    character: 13
    line: 1
  token_type:
    type: Symbol
    symbol: ":"
- start_position:
    bytes: 12
    character: 13
    line: 1
  end_position:
    bytes: 18
    character: 19
    line: 1
  token_type:
    type: Identifier
    identifier: method
- start_position:
    bytes: 18
    character: 19
    line: 1
  end_position:
    bytes: 19
    character: 20
    line: 1
  token_type:
    type: Symbol
    symbol: (
- start_position:
    bytes: 19
    character: 20
    line: 1
  end_position:
    bytes: 24
    character: 25
    line: 1
  token_type:
    type: Symbol
    symbol: until
- start_position:
    bytes: 24
    character: 25
    line: 1
  end_position:
    bytes: 25
    character: 26
    line: 1
  token_type:
    type: Symbol
    symbol: )
- start_position:
    bytes: 25
    character: 26
    line: 1
  end_position:
    bytes: 25
    character: 26
    line: 1
  token_type:
    type: Eof

