---
source: full-moon/tests/fail_cases.rs
expression: tokens
input_file: full-moon/tests/cases/fail/parser/numeric-for-1

---
- start_position:
    bytes: 0
    line: 1
    character: 1
  end_position:
    bytes: 3
    line: 1
    character: 4
  token_type:
    type: Symbol
    symbol: for
- start_position:
    bytes: 3
    line: 1
    character: 4
  end_position:
    bytes: 4
    line: 1
    character: 5
  token_type:
    type: Whitespace
    characters: " "
- start_position:
    bytes: 4
    line: 1
    character: 5
  end_position:
    bytes: 5
    line: 1
    character: 6
  token_type:
    type: Identifier
    identifier: x
- start_position:
    bytes: 5
    line: 1
    character: 6
  end_position:
    bytes: 5
    line: 1
    character: 6
  token_type:
    type: Eof

