---
source: full-moon/tests/fail_cases.rs
expression: error
input_file: full-moon/tests/cases/fail/parser/call-4

---
UnexpectedToken:
  token:
    start_position:
      bytes: 5
      character: 6
      line: 1
    end_position:
      bytes: 8
      character: 9
      line: 1
    token_type:
      type: Symbol
      symbol: end
  additional: "expected ')'"

