---
source: full-moon/tests/fail_cases.rs
expression: tokens
input_file: full-moon/tests/roblox_cases/fail/parser/string_interpolation_empty
---
- start_position:
    bytes: 0
    line: 1
    character: 1
  end_position:
    bytes: 5
    line: 1
    character: 6
  token_type:
    type: Identifier
    identifier: print
- start_position:
    bytes: 5
    line: 1
    character: 6
  end_position:
    bytes: 6
    line: 1
    character: 7
  token_type:
    type: Symbol
    symbol: (
- start_position:
    bytes: 6
    line: 1
    character: 7
  end_position:
    bytes: 8
    line: 1
    character: 9
  token_type:
    type: InterpolatedString
    literal: ""
    kind: Begin
- start_position:
    bytes: 8
    line: 1
    character: 9
  end_position:
    bytes: 10
    line: 1
    character: 11
  token_type:
    type: InterpolatedString
    literal: ""
    kind: End
- start_position:
    bytes: 10
    line: 1
    character: 11
  end_position:
    bytes: 11
    line: 1
    character: 12
  token_type:
    type: Symbol
    symbol: )
- start_position:
    bytes: 11
    line: 1
    character: 12
  end_position:
    bytes: 11
    line: 1
    character: 12
  token_type:
    type: Eof
