---
source: full-moon/tests/fail_cases.rs
expression: error
input_file: full-moon/tests/cases/fail/parser/function-6

---
UnexpectedToken:
  token:
    start_position:
      bytes: 12
      character: 13
      line: 1
    end_position:
      bytes: 12
      character: 13
      line: 1
    token_type:
      type: Eof
  additional: "expected 'end'"

