---
source: full-moon/tests/pass_cases.rs
assertion_line: 38
expression: tokens
input_file: full-moon/tests/cases/pass/strings-escape
---
- start_position:
    bytes: 0
    line: 1
    character: 1
  end_position:
    bytes: 4
    line: 1
    character: 5
  token_type:
    type: Identifier
    identifier: call
- start_position:
    bytes: 4
    line: 1
    character: 5
  end_position:
    bytes: 5
    line: 1
    character: 6
  token_type:
    type: Symbol
    symbol: (
- start_position:
    bytes: 5
    line: 1
    character: 6
  end_position:
    bytes: 9
    line: 1
    character: 10
  token_type:
    type: StringLiteral
    literal: "\\\\"
    quote_type: Single
- start_position:
    bytes: 9
    line: 1
    character: 10
  end_position:
    bytes: 10
    line: 1
    character: 11
  token_type:
    type: Symbol
    symbol: )
- start_position:
    bytes: 10
    line: 1
    character: 11
  end_position:
    bytes: 11
    line: 1
    character: 11
  token_type:
    type: Whitespace
    characters: "\n"
- start_position:
    bytes: 11
    line: 2
    character: 1
  end_position:
    bytes: 15
    line: 2
    character: 5
  token_type:
    type: Identifier
    identifier: call
- start_position:
    bytes: 15
    line: 2
    character: 5
  end_position:
    bytes: 16
    line: 2
    character: 6
  token_type:
    type: Symbol
    symbol: (
- start_position:
    bytes: 16
    line: 2
    character: 6
  end_position:
    bytes: 20
    line: 2
    character: 10
  token_type:
    type: StringLiteral
    literal: "\\\\"
    quote_type: Double
- start_position:
    bytes: 20
    line: 2
    character: 10
  end_position:
    bytes: 21
    line: 2
    character: 11
  token_type:
    type: Symbol
    symbol: )
- start_position:
    bytes: 21
    line: 2
    character: 11
  end_position:
    bytes: 22
    line: 2
    character: 11
  token_type:
    type: Whitespace
    characters: "\n"
- start_position:
    bytes: 22
    line: 3
    character: 1
  end_position:
    bytes: 26
    line: 3
    character: 5
  token_type:
    type: Identifier
    identifier: call
- start_position:
    bytes: 26
    line: 3
    character: 5
  end_position:
    bytes: 27
    line: 3
    character: 6
  token_type:
    type: Symbol
    symbol: (
- start_position:
    bytes: 27
    line: 3
    character: 6
  end_position:
    bytes: 28
    line: 3
    character: 7
  token_type:
    type: Symbol
    symbol: "{"
- start_position:
    bytes: 28
    line: 3
    character: 7
  end_position:
    bytes: 29
    line: 3
    character: 8
  token_type:
    type: Whitespace
    characters: " "
- start_position:
    bytes: 29
    line: 3
    character: 8
  end_position:
    bytes: 30
    line: 3
    character: 9
  token_type:
    type: Symbol
    symbol: "["
- start_position:
    bytes: 30
    line: 3
    character: 9
  end_position:
    bytes: 34
    line: 3
    character: 13
  token_type:
    type: StringLiteral
    literal: "\\\\"
    quote_type: Double
- start_position:
    bytes: 34
    line: 3
    character: 13
  end_position:
    bytes: 35
    line: 3
    character: 14
  token_type:
    type: Symbol
    symbol: "]"
- start_position:
    bytes: 35
    line: 3
    character: 14
  end_position:
    bytes: 36
    line: 3
    character: 15
  token_type:
    type: Whitespace
    characters: " "
- start_position:
    bytes: 36
    line: 3
    character: 15
  end_position:
    bytes: 37
    line: 3
    character: 16
  token_type:
    type: Symbol
    symbol: "="
- start_position:
    bytes: 37
    line: 3
    character: 16
  end_position:
    bytes: 38
    line: 3
    character: 17
  token_type:
    type: Whitespace
    characters: " "
- start_position:
    bytes: 38
    line: 3
    character: 17
  end_position:
    bytes: 40
    line: 3
    character: 19
  token_type:
    type: StringLiteral
    literal: ""
    quote_type: Double
- start_position:
    bytes: 40
    line: 3
    character: 19
  end_position:
    bytes: 41
    line: 3
    character: 20
  token_type:
    type: Whitespace
    characters: " "
- start_position:
    bytes: 41
    line: 3
    character: 20
  end_position:
    bytes: 42
    line: 3
    character: 21
  token_type:
    type: Symbol
    symbol: "}"
- start_position:
    bytes: 42
    line: 3
    character: 21
  end_position:
    bytes: 43
    line: 3
    character: 22
  token_type:
    type: Symbol
    symbol: )
- start_position:
    bytes: 43
    line: 3
    character: 22
  end_position:
    bytes: 43
    line: 3
    character: 22
  token_type:
    type: Eof
