---
source: full-moon/tests/fail_cases.rs
assertion_line: 30
expression: "full_moon::print(&ast)"
input_file: full-moon/tests/cases/fail/parser/paren-expression-1
---
"return "

