---
source: full-moon/tests/fail_cases.rs
expression: tokens
input_file: full-moon/tests/cases/fail/parser/generic-for-2

---
- start_position:
    bytes: 0
    character: 1
    line: 1
  end_position:
    bytes: 3
    character: 4
    line: 1
  token_type:
    type: Symbol
    symbol: for
- start_position:
    bytes: 3
    character: 4
    line: 1
  end_position:
    bytes: 4
    character: 5
    line: 1
  token_type:
    type: Whitespace
    characters: " "
- start_position:
    bytes: 4
    character: 5
    line: 1
  end_position:
    bytes: 5
    character: 6
    line: 1
  token_type:
    type: Identifier
    identifier: x
- start_position:
    bytes: 5
    character: 6
    line: 1
  end_position:
    bytes: 6
    character: 7
    line: 1
  token_type:
    type: Whitespace
    characters: " "
- start_position:
    bytes: 6
    character: 7
    line: 1
  end_position:
    bytes: 8
    character: 9
    line: 1
  token_type:
    type: Symbol
    symbol: in
- start_position:
    bytes: 8
    character: 9
    line: 1
  end_position:
    bytes: 9
    character: 10
    line: 1
  token_type:
    type: Whitespace
    characters: " "
- start_position:
    bytes: 9
    character: 10
    line: 1
  end_position:
    bytes: 14
    character: 15
    line: 1
  token_type:
    type: Identifier
    identifier: pairs
- start_position:
    bytes: 14
    character: 15
    line: 1
  end_position:
    bytes: 15
    character: 16
    line: 1
  token_type:
    type: Symbol
    symbol: (
- start_position:
    bytes: 15
    character: 16
    line: 1
  end_position:
    bytes: 16
    character: 17
    line: 1
  token_type:
    type: Identifier
    identifier: y
- start_position:
    bytes: 16
    character: 17
    line: 1
  end_position:
    bytes: 17
    character: 18
    line: 1
  token_type:
    type: Symbol
    symbol: )
- start_position:
    bytes: 17
    character: 18
    line: 1
  end_position:
    bytes: 17
    character: 18
    line: 1
  token_type:
    type: Eof

