---
source: full-moon/tests/pass_cases.rs
assertion_line: 40
expression: tokens
input_file: full-moon/tests/cases/pass/numbers-1
---
- start_position:
    bytes: 0
    line: 1
    character: 1
  end_position:
    bytes: 1
    line: 1
    character: 2
  token_type:
    type: Identifier
    identifier: _
- start_position:
    bytes: 1
    line: 1
    character: 2
  end_position:
    bytes: 2
    line: 1
    character: 3
  token_type:
    type: Whitespace
    characters: " "
- start_position:
    bytes: 2
    line: 1
    character: 3
  end_position:
    bytes: 3
    line: 1
    character: 4
  token_type:
    type: Symbol
    symbol: "="
- start_position:
    bytes: 3
    line: 1
    character: 4
  end_position:
    bytes: 4
    line: 1
    character: 5
  token_type:
    type: Whitespace
    characters: " "
- start_position:
    bytes: 4
    line: 1
    character: 5
  end_position:
    bytes: 8
    line: 1
    character: 9
  token_type:
    type: Number
    text: "0x02"
- start_position:
    bytes: 8
    line: 1
    character: 9
  end_position:
    bytes: 9
    line: 1
    character: 9
  token_type:
    type: Whitespace
    characters: "\n"
- start_position:
    bytes: 9
    line: 2
    character: 1
  end_position:
    bytes: 9
    line: 2
    character: 1
  token_type:
    type: Eof

