---
source: full-moon/tests/fail_cases.rs
expression: error
input_file: full-moon/tests/cases/fail/parser/if-5

---
UnexpectedToken:
  token:
    start_position:
      bytes: 33
      character: 1
      line: 5
    end_position:
      bytes: 39
      character: 7
      line: 5
    token_type:
      type: Symbol
      symbol: elseif
  additional: "expected 'end'"

