---
source: full-moon/tests/fail_cases.rs
expression: tokens
---
- start_position:
    bytes: 0
    line: 1
    character: 1
  end_position:
    bytes: 5
    line: 1
    character: 6
  token_type:
    type: Symbol
    symbol: local
- start_position:
    bytes: 5
    line: 1
    character: 6
  end_position:
    bytes: 6
    line: 1
    character: 7
  token_type:
    type: Whitespace
    characters: " "
- start_position:
    bytes: 6
    line: 1
    character: 7
  end_position:
    bytes: 7
    line: 1
    character: 8
  token_type:
    type: Identifier
    identifier: a
- start_position:
    bytes: 7
    line: 1
    character: 8
  end_position:
    bytes: 8
    line: 1
    character: 9
  token_type:
    type: Whitespace
    characters: " "
- start_position:
    bytes: 8
    line: 1
    character: 9
  end_position:
    bytes: 9
    line: 1
    character: 10
  token_type:
    type: Symbol
    symbol: "="
- start_position:
    bytes: 9
    line: 1
    character: 10
  end_position:
    bytes: 10
    line: 1
    character: 11
  token_type:
    type: Whitespace
    characters: " "
- start_position:
    bytes: 10
    line: 1
    character: 11
  end_position:
    bytes: 15
    line: 1
    character: 16
  token_type:
    type: Identifier
    identifier: pcall
- start_position:
    bytes: 15
    line: 1
    character: 16
  end_position:
    bytes: 16
    line: 1
    character: 17
  token_type:
    type: Symbol
    symbol: (
- start_position:
    bytes: 16
    line: 1
    character: 17
  end_position:
    bytes: 24
    line: 1
    character: 25
  token_type:
    type: Symbol
    symbol: function
- start_position:
    bytes: 24
    line: 1
    character: 25
  end_position:
    bytes: 25
    line: 1
    character: 26
  token_type:
    type: Symbol
    symbol: (
- start_position:
    bytes: 25
    line: 1
    character: 26
  end_position:
    bytes: 26
    line: 1
    character: 27
  token_type:
    type: Symbol
    symbol: )
- start_position:
    bytes: 26
    line: 1
    character: 27
  end_position:
    bytes: 27
    line: 1
    character: 27
  token_type:
    type: Whitespace
    characters: "\n"
- start_position:
    bytes: 27
    line: 2
    character: 1
  end_position:
    bytes: 28
    line: 2
    character: 2
  token_type:
    type: Whitespace
    characters: "\t"
- start_position:
    bytes: 28
    line: 2
    character: 2
  end_position:
    bytes: 34
    line: 2
    character: 8
  token_type:
    type: Symbol
    symbol: return
- start_position:
    bytes: 34
    line: 2
    character: 8
  end_position:
    bytes: 35
    line: 2
    character: 8
  token_type:
    type: Whitespace
    characters: "\n"
- start_position:
    bytes: 35
    line: 3
    character: 1
  end_position:
    bytes: 36
    line: 3
    character: 2
  token_type:
    type: Whitespace
    characters: "\t"
- start_position:
    bytes: 36
    line: 3
    character: 2
  end_position:
    bytes: 42
    line: 3
    character: 8
  token_type:
    type: Symbol
    symbol: return
- start_position:
    bytes: 42
    line: 3
    character: 8
  end_position:
    bytes: 43
    line: 3
    character: 8
  token_type:
    type: Whitespace
    characters: "\n"
- start_position:
    bytes: 43
    line: 4
    character: 1
  end_position:
    bytes: 46
    line: 4
    character: 4
  token_type:
    type: Symbol
    symbol: end
- start_position:
    bytes: 46
    line: 4
    character: 4
  end_position:
    bytes: 47
    line: 4
    character: 5
  token_type:
    type: Symbol
    symbol: )
- start_position:
    bytes: 47
    line: 4
    character: 5
  end_position:
    bytes: 47
    line: 4
    character: 5
  token_type:
    type: Eof

